[learnplus.themekit.io/index.html]
[backblue.gif]
[fade.gif]
[index.html]
[learnplus.themekit.io/assets/vendor/material-design-kit.css]
[learnplus.themekit.io/assets/css/style.min.css]
[learnplus.themekit.io/student-dashboard.html]
[learnplus.themekit.io/student-forum.html]
[learnplus.themekit.io/student-help-center.html]
[learnplus.themekit.io/student-cart.html]
[learnplus.themekit.io/assets/images/people/50/guy-6.jpg]
[learnplus.themekit.io/student-account-edit.html]
[learnplus.themekit.io/student-profile.html]
[learnplus.themekit.io/guest-login.html]
[learnplus.themekit.io/student-pay.html]
[learnplus.themekit.io/student-my-courses.html]
[learnplus.themekit.io/student-take-course.html]
[learnplus.themekit.io/student-quiz-results.html]
[learnplus.themekit.io/student-take-quiz.html]
[learnplus.themekit.io/student-forum-thread.html]
[learnplus.themekit.io/assets/images/people/50/guy-7.jpg]
[learnplus.themekit.io/assets/images/people/50/guy-4.jpg]
[learnplus.themekit.io/assets/images/people/50/guy-2.jpg]
[learnplus.themekit.io/instructor-dashboard.html]
[learnplus.themekit.io/fixed-student-dashboard.html]
[learnplus.themekit.io/student-browse-courses.html]
[learnplus.themekit.io/student-view-course.html]
[learnplus.themekit.io/student-messages.html]
[learnplus.themekit.io/student-billing.html]
[learnplus.themekit.io/ui-buttons.html]
[learnplus.themekit.io/ui-cards.html]
[learnplus.themekit.io/ui-tabs.html]
[learnplus.themekit.io/ui-tree.html]
[learnplus.themekit.io/ui-nestable.html]
[learnplus.themekit.io/ui-notifications.html]
[learnplus.themekit.io/ui-progress.html]
[learnplus.themekit.io/ui-forms.html]
[learnplus.themekit.io/ui-tables.html]
[learnplus.themekit.io/ui-charts.html]
[learnplus.themekit.io/ui-calendar.html]
[learnplus.themekit.io/ui-maps-vector.html]
[learnplus.themekit.io/assets/vendor/jquery.min.js]
[learnplus.themekit.io/assets/vendor/tether.min.js]
[learnplus.themekit.io/assets/vendor/bootstrap.min.js]
[learnplus.themekit.io/assets/vendor/dom-factory.js]
[learnplus.themekit.io/assets/vendor/material-design-kit.js]
[learnplus.themekit.io/assets/vendor/sidebar-collapse.js]
[learnplus.themekit.io/assets/js/main.min.js]
[learnplus.themekit.io/index.html]
[learnplus.themekit.io/assets/vendor/material-design-kit.css]
[learnplus.themekit.io/assets/vendor/sidebar-collapse.min.css]
[learnplus.themekit.io/assets/css/style.min.css]
[learnplus.themekit.io/student-dashboard.html]
[learnplus.themekit.io/assets/images/people/50/guy-8.jpg]
[learnplus.themekit.io/assets/images/people/50/guy-5.jpg]
[learnplus.themekit.io/student-forum.html]
[learnplus.themekit.io/fixed-student-forum.html]
[learnplus.themekit.io/student-help-center.html]
[learnplus.themekit.io/fixed-student-help-center.html]
[learnplus.themekit.io/assets/images/nodejs.png]
[learnplus.themekit.io/assets/images/gulp.png]
[learnplus.themekit.io/student-cart.html]
[learnplus.themekit.io/fixed-student-cart.html]
[learnplus.themekit.io/student-account-edit.html]
[learnplus.themekit.io/fixed-student-account-edit.html]
[learnplus.themekit.io/assets/images/people/110/guy-2.jpg]
[learnplus.themekit.io/assets/images/vuejs.png]
[learnplus.themekit.io/assets/images/github.png]
[learnplus.themekit.io/student-profile.html]
[learnplus.themekit.io/fixed-student-profile.html]
[learnplus.themekit.io/guest-login.html]
[learnplus.themekit.io/guest-signup.html]
[learnplus.themekit.io/student-pay.html]
[cdn.jsdelivr.net/fontawesome/4.5.0/css/font-awesome.min.css]
[learnplus.themekit.io/fixed-student-pay.html]
[learnplus.themekit.io/student-my-courses.html]
[learnplus.themekit.io/fixed-student-my-courses.html]
[learnplus.themekit.io/assets/images/people/110/guy-6.jpg]
[learnplus.themekit.io/instructor-profile.html]
[learnplus.themekit.io/student-take-course.html]
[learnplus.themekit.io/fixed-student-take-course.html]
[learnplus.themekit.io/student-quiz-results.html]
[learnplus.themekit.io/fixed-student-quiz-results.html]
[learnplus.themekit.io/fixed-student-take-quiz.html]
[learnplus.themekit.io/assets/vendor/moment.min.js]
[learnplus.themekit.io/assets/vendor/jquery.countdown.min.js]
[learnplus.themekit.io/student-take-quiz.html]
[learnplus.themekit.io/examples/js/countdown.js]
[learnplus.themekit.io/examples/css/summernote.min.css]
[learnplus.themekit.io/fixed-student-forum-thread.html]
[learnplus.themekit.io/assets/vendor/summernote.min.js]
[learnplus.themekit.io/examples/js/summernote.js]
[learnplus.themekit.io/student-forum-thread.html]
[learnplus.themekit.io/instructor-forum.html]
[learnplus.themekit.io/instructor-account-edit.html]
[learnplus.themekit.io/instructor-earnings.html]
[learnplus.themekit.io/instructor-statement.html]
[learnplus.themekit.io/instructor-invoice.html]
[learnplus.themekit.io/instructor-course-edit.html]
[learnplus.themekit.io/assets/images/people/110/guy-9.jpg]
[learnplus.themekit.io/fixed-instructor-dashboard.html]
[learnplus.themekit.io/instructor-courses.html]
[learnplus.themekit.io/instructor-quizzes.html]
[learnplus.themekit.io/instructor-messages.html]
[learnplus.themekit.io/assets/js/colors.js]
[learnplus.themekit.io/assets/vendor/raphael.min.js]
[learnplus.themekit.io/assets/vendor/morris.min.js]
[learnplus.themekit.io/instructor-dashboard.html]
[learnplus.themekit.io/assets/vendor/moment-range.min.js]
[learnplus.themekit.io/fixed-student-browse-courses.html]
[learnplus.themekit.io/fixed-student-messages.html]
[learnplus.themekit.io/fixed-student-dashboard.html]
[learnplus.themekit.io/student-browse-courses.html]
[learnplus.themekit.io/fixed-student-billing.html]
[learnplus.themekit.io/student-view-course.html]
[learnplus.themekit.io/fixed-student-view-course.html]
[learnplus.themekit.io/assets/images/people/110/woman-5.jpg]
[learnplus.themekit.io/assets/images/people/50/woman-5.jpg]
[learnplus.themekit.io/assets/images/people/50/woman-2.jpg]
[learnplus.themekit.io/student-messages.html]
[learnplus.themekit.io/student-billing.html]
[learnplus.themekit.io/student-invoice.html]
[learnplus.themekit.io/ui-buttons.html]
[learnplus.themekit.io/ui-cards.html]
[learnplus.themekit.io/ui-tabs.html]
[learnplus.themekit.io/index-2.html]
[learnplus.themekit.io/examples/css/fancytree.min.css]
[learnplus.themekit.io/ui-tree.html]
[learnplus.themekit.io/examples/js/fancytree.js]
[learnplus.themekit.io/assets/vendor/jquery.fancytree-all.min.js]
[learnplus.themekit.io/examples/css/nestable.min.css]
[learnplus.themekit.io/assets/vendor/jquery.nestable.js]
[learnplus.themekit.io/examples/js/nestable.js]
[learnplus.themekit.io/ui-nestable.html]
[cdn.jsdelivr.net/jquery.ui/1.11.4/jquery-ui.min.js]
[learnplus.themekit.io/examples/css/sweetalert.min.css]
[learnplus.themekit.io/assets/vendor/sweetalert.min.js]
[learnplus.themekit.io/ui-notifications.html]
[learnplus.themekit.io/ui-progress.html]
[learnplus.themekit.io/examples/js/sweetalert.js]
[learnplus.themekit.io/examples/css/bootstrap-datepicker.min.css]
[learnplus.themekit.io/examples/css/bootstrap-timepicker.min.css]
[learnplus.themekit.io/assets/vendor/jquery.bootstrap-touchspin.js]
[learnplus.themekit.io/assets/vendor/bootstrap-datepicker.min.js]
[learnplus.themekit.io/assets/vendor/bootstrap-timepicker.js]
[learnplus.themekit.io/examples/js/date-time.js]
[learnplus.themekit.io/examples/js/touchspin.js]
[learnplus.themekit.io/ui-forms.html]
[learnplus.themekit.io/examples/css/datatables.min.css]
[learnplus.themekit.io/assets/vendor/dataTables.bootstrap.js]
[learnplus.themekit.io/ui-tables.html]
[learnplus.themekit.io/examples/js/datatables.js]
[learnplus.themekit.io/assets/vendor/Chart.min.js]
[learnplus.themekit.io/examples/js/chart.js]
[learnplus.themekit.io/ui-charts.html]
[learnplus.themekit.io/examples/js/chartjs.js]
[learnplus.themekit.io/examples/css/fullcalendar.min.css]
[learnplus.themekit.io/ui-calendar.html]
[learnplus.themekit.io/examples/js/fullcalendar.js]
[learnplus.themekit.io/assets/vendor/fullcalendar.min.js]
[learnplus.themekit.io/assets/vendor/jquery-jvectormap.css]
[learnplus.themekit.io/assets/vendor/jquery.jvectormap.min.js]
[learnplus.themekit.io/assets/data/vector-maps/custom/jquery-jvectormap-world-mill-en.js]
[learnplus.themekit.io/assets/data/vector-maps/custom/jquery-jvectormap-de-merc-en.js]
[learnplus.themekit.io/assets/data/vector-maps/custom/jquery-jvectormap-es-merc-en.js]
[learnplus.themekit.io/assets/data/vector-maps/custom/jquery-jvectormap-fr-merc-en.js]
[learnplus.themekit.io/assets/data/vector-maps/custom/mall-map.js]
[learnplus.themekit.io/assets/data/vector-maps/custom/jquery-jvectormap-us-aea-en.js]
[learnplus.themekit.io/assets/data/vector-maps/data/gdp-data.js]
[learnplus.themekit.io/ui-maps-vector.html]
[learnplus.themekit.io/fixed-student-forum.html]
[learnplus.themekit.io/fixed-student-help-center.html]
[learnplus.themekit.io/fixed-student-cart.html]
[learnplus.themekit.io/fixed-student-account-edit.html]
[learnplus.themekit.io/fixed-student-profile.html]
[learnplus.themekit.io/guest-signup.html]
[cdn.jsdelivr.net/fontawesome/4.5.0/css/font-awesome.min.css]
[learnplus.themekit.io/fixed-student-pay.html]
[learnplus.themekit.io/fixed-student-my-courses.html]
[learnplus.themekit.io/examples/js/vector-maps.min.js]
[learnplus.themekit.io/assets/data/vector-maps/custom/jquery-jvectormap-us-lcc-en.js]
[learnplus.themekit.io/assets/images/people/110/guy-8.jpg]
[learnplus.themekit.io/instructor-profile.html]
[learnplus.themekit.io/fixed-student-take-course.html]
[learnplus.themekit.io/fixed-student-quiz-results.html]
[learnplus.themekit.io/fixed-student-take-quiz.html]
[learnplus.themekit.io/fixed-instructor-profile.html]
[learnplus.themekit.io/assets/vendor/summernotef534.eot]
[learnplus.themekit.io/assets/vendor/summernoted41d.eot]
[learnplus.themekit.io/assets/vendor/summernotef534.woff]
[learnplus.themekit.io/examples/css/summernote.min.css]
[learnplus.themekit.io/fixed-student-forum-thread.html]
[learnplus.themekit.io/examples/css/morris.min.css]
[learnplus.themekit.io/assets/vendor/summernotef534.ttf]
[learnplus.themekit.io/instructor-forum-thread.html]
[learnplus.themekit.io/instructor-forum.html]
[learnplus.themekit.io/instructor-help-center.html]
[learnplus.themekit.io/fixed-instructor-forum.html]
[learnplus.themekit.io/instructor-account-edit.html]
[learnplus.themekit.io/instructor-earnings.html]
[learnplus.themekit.io/fixed-instructor-earnings.html]
[learnplus.themekit.io/instructor-statement.html]
[learnplus.themekit.io/fixed-instructor-statement.html]
[learnplus.themekit.io/instructor-invoice.html]
[learnplus.themekit.io/fixed-instructor-invoice.html]
[learnplus.themekit.io/instructor-lesson-add.html]
[learnplus.themekit.io/instructor-course-edit.html]
[learnplus.themekit.io/fixed-instructor-course-edit.html]
[learnplus.themekit.io/fixed-instructor-account-edit.html]
[learnplus.themekit.io/fixed-instructor-courses.html]
[learnplus.themekit.io/fixed-instructor-quizzes.html]
[learnplus.themekit.io/fixed-instructor-dashboard.html]
[learnplus.themekit.io/instructor-courses.html]
[learnplus.themekit.io/fixed-instructor-messages.html]
[learnplus.themekit.io/instructor-quiz-edit.html]
[learnplus.themekit.io/instructor-quizzes.html]
[learnplus.themekit.io/instructor-messages.html]
[learnplus.themekit.io/fixed-student-browse-courses.html]
[learnplus.themekit.io/fixed-student-messages.html]
[learnplus.themekit.io/instructor-review-quiz.html]
[learnplus.themekit.io/fixed-student-billing.html]
[learnplus.themekit.io/fixed-student-view-course.html]
[learnplus.themekit.io/student-invoice.html]
[learnplus.themekit.io/index-2.html]
[learnplus.themekit.io/examples/css/fancytree.min.css]
[learnplus.themekit.io/examples/css/nestable.min.css]
[learnplus.themekit.io/examples/css/sweetalert.min.css]
[learnplus.themekit.io/examples/css/bootstrap-datepicker.min.css]
[learnplus.themekit.io/examples/css/bootstrap-timepicker.min.css]
[learnplus.themekit.io/examples/css/bootstrap-touchspin.min.css]
[learnplus.themekit.io/examples/css/datatables.min.css]
[learnplus.themekit.io/examples/css/fullcalendar.min.css]
[learnplus.themekit.io/assets/vendor/jquery-jvectormap.css]
[learnplus.themekit.io/examples/css/jvectormap.min.css]
[learnplus.themekit.io/tutorials/data-visualization/index.html]
[learnplus.themekit.io/instructor-take-course.html]
[learnplus.themekit.io/fixed-student-invoice.html]
[learnplus.themekit.io/fixed-instructor-profile.html]
[learnplus.themekit.io/instructor-forum-thread.html]
[learnplus.themekit.io/fixed-instructor-forum.html]
[learnplus.themekit.io/instructor-account.html]
[learnplus.themekit.io/fixed-instructor-account.html]
[learnplus.themekit.io/fixed-instructor-earnings.html]
[learnplus.themekit.io/fixed-instructor-statement.html]
[learnplus.themekit.io/fixed-instructor-invoice.html]
[learnplus.themekit.io/fixed-instructor-forum-thread.html]
[learnplus.themekit.io/assets/vendor/dropzone.min.css]
[learnplus.themekit.io/examples/css/dropzone.min.css]
[learnplus.themekit.io/assets/vendor/jquery.dataTables.js]
[learnplus.themekit.io/fixed-instructor-lesson-add.html]
[learnplus.themekit.io/instructor-lesson-add.html]
[learnplus.themekit.io/fixed-instructor-course-edit.html]
[learnplus.themekit.io/fixed-instructor-help-center.html]
[learnplus.themekit.io/fixed-instructor-account-edit.html]
[learnplus.themekit.io/fixed-instructor-courses.html]
[learnplus.themekit.io/assets/vendor/dropzone.min.js]
[learnplus.themekit.io/fixed-instructor-quiz-edit.html]
[learnplus.themekit.io/fixed-instructor-quizzes.html]
[learnplus.themekit.io/fixed-instructor-messages.html]
[learnplus.themekit.io/instructor-quiz-edit.html]
[learnplus.themekit.io/fixed-instructor-review-quiz.html]
[learnplus.themekit.io/assets/vendor/nouislider.min.css]
[learnplus.themekit.io/assets/vendor/nouislider.min.js]
[learnplus.themekit.io/examples/js/slider.js]
[learnplus.themekit.io/instructor-review-quiz.html]
[learnplus.themekit.io/fixed-student-invoice.html]
[learnplus.themekit.io/fixed-instructor-take-course.html]
[learnplus.themekit.io/fixed-instructor-forum-thread.html]
[learnplus.themekit.io/assets/vendor/dropzone.min.css]
[learnplus.themekit.io/examples/css/dropzone.min.css]
[learnplus.themekit.io/fixed-instructor-lesson-add.html]
[learnplus.themekit.io/fixed-instructor-quiz-edit.html]
[learnplus.themekit.io/fixed-instructor-review-quiz.html]
[learnplus.themekit.io/assets/vendor/nouislider.min.css]
[learnplus.themekit.io/examples/css/nouislider.min.css]
